$ QUANSIO_TEST_POSTGRES_URL=postgres://quansio:quansio-dev-only@127.0.0.1:55440/quansio cargo test -p quansio-events
exit_code: 0

--- stdout ---

running 0 tests

test result: ok. 0 passed; 0 failed; 0 ignored; 0 measured; 0 filtered out; finished in 0.00s


running 4 tests
test malformed_types_are_rejected ... ok
test unknown_family_is_rejected_with_a_typed_error ... ok
test known_types_parse_and_subjects_follow_domain_naming ... ok
test canonical_families_match_the_generated_catalog ... ok

test result: ok. 4 passed; 0 failed; 0 ignored; 0 measured; 0 filtered out; finished in 0.00s


running 2 tests
test unavailable_transport_fails_closed_instead_of_dropping ... ok
test crash_between_send_and_mark_cannot_duplicate_and_loses_no_event ... ok

test result: ok. 2 passed; 0 failed; 0 ignored; 0 measured; 0 filtered out; finished in 0.30s


running 3 tests
test projections_do_not_write_rows_for_unrelated_events ... ok
test reapplying_an_applied_event_neither_double_counts_nor_regresses ... ok
test rebuild_is_byte_identical_to_incremental_application ... ok

test result: ok. 3 passed; 0 failed; 0 ignored; 0 measured; 0 filtered out; finished in 0.51s


running 1 test
test checkpoint_resumes_after_a_crash_without_gaps_or_duplicates ... ok

test result: ok. 1 passed; 0 failed; 0 ignored; 0 measured; 0 filtered out; finished in 0.34s


running 6 tests
test committing_without_an_event_is_refused ... ok
test consumer_resumes_exactly_after_the_stored_sequence ... ok
test concurrent_writers_get_distinct_gap_free_sequences ... ok
test failing_mutation_rolls_back_state_event_and_outbox ... ok
test committed_mutation_writes_state_event_and_outbox_together ... ok
test a_rolled_back_commit_releases_its_sequence_instead_of_burning_it ... ok

test result: ok. 6 passed; 0 failed; 0 ignored; 0 measured; 0 filtered out; finished in 0.65s


running 1 test
test a_slow_consumer_is_disconnected_without_blocking_the_publisher ... ok

test result: ok. 1 passed; 0 failed; 0 ignored; 0 measured; 0 filtered out; finished in 0.27s


running 3 tests
test channel_and_subscription_validation_fails_closed ... ok
test a_subscriber_receives_only_its_own_channel_and_tenant ... ok
test live_frames_are_transient_droppable_and_never_persisted ... ok

test result: ok. 3 passed; 0 failed; 0 ignored; 0 measured; 0 filtered out; finished in 0.48s


running 3 tests
test a_cursor_from_another_stream_is_rejected ... ok
test reconnecting_with_the_last_cursor_replays_exactly_the_missed_events ... ok
test a_client_without_a_cursor_resumes_from_the_persisted_consumer_position ... ok

test result: ok. 3 passed; 0 failed; 0 ignored; 0 measured; 0 filtered out; finished in 0.45s


running 0 tests

test result: ok. 0 passed; 0 failed; 0 ignored; 0 measured; 0 filtered out; finished in 0.00s


--- stderr ---
    Finished `test` profile [unoptimized + debuginfo] target(s) in 0.32s
     Running unittests src/lib.rs (target/debug/deps/quansio_events-4443a53f3f145b38)
     Running tests/event_families.rs (target/debug/deps/event_families-88f6dcb265d3b007)
     Running tests/outbox_publisher.rs (target/debug/deps/outbox_publisher-239c7583ce3fec8b)
     Running tests/projection_determinism.rs (target/debug/deps/projection_determinism-c0e29e1dc06ce1c8)
     Running tests/projection_resume.rs (target/debug/deps/projection_resume-9ed25ad86ab49628)
     Running tests/runtime_event_store.rs (target/debug/deps/runtime_event_store-0d9bf66ce78b00a0)
     Running tests/stream_backpressure.rs (target/debug/deps/stream_backpressure-c02df18b5dd32c70)
     Running tests/stream_channels.rs (target/debug/deps/stream_channels-e3cfc8dee48c60f0)
     Running tests/stream_resume.rs (target/debug/deps/stream_resume-282454ee3fee1578)
   Doc-tests quansio_events
