$ bash scripts/dev/bootstrap.sh
exit_code: 0

--- stdout ---
== authority gate ==
V8.1 VALIDATION: PASS (99 tasks, 10 milestones, 2 PASS, 0 ready)
== architecture gates ==
duplicate-authority scan: CLEAN (0 findings)
authority check: CLEAN (0 findings)
workspace check: CLEAN (0 findings)
== rust workspace ==

running 0 tests

test result: ok. 0 passed; 0 failed; 0 ignored; 0 measured; 0 filtered out; finished in 0.00s


running 0 tests

test result: ok. 0 passed; 0 failed; 0 ignored; 0 measured; 0 filtered out; finished in 0.00s


running 0 tests

test result: ok. 0 passed; 0 failed; 0 ignored; 0 measured; 0 filtered out; finished in 0.00s


running 0 tests

test result: ok. 0 passed; 0 failed; 0 ignored; 0 measured; 0 filtered out; finished in 0.00s


running 0 tests

test result: ok. 0 passed; 0 failed; 0 ignored; 0 measured; 0 filtered out; finished in 0.00s


running 0 tests

test result: ok. 0 passed; 0 failed; 0 ignored; 0 measured; 0 filtered out; finished in 0.00s


running 0 tests

test result: ok. 0 passed; 0 failed; 0 ignored; 0 measured; 0 filtered out; finished in 0.00s


running 0 tests

test result: ok. 0 passed; 0 failed; 0 ignored; 0 measured; 0 filtered out; finished in 0.00s


running 0 tests

test result: ok. 0 passed; 0 failed; 0 ignored; 0 measured; 0 filtered out; finished in 0.00s


running 0 tests

test result: ok. 0 passed; 0 failed; 0 ignored; 0 measured; 0 filtered out; finished in 0.00s


running 0 tests

test result: ok. 0 passed; 0 failed; 0 ignored; 0 measured; 0 filtered out; finished in 0.00s


running 0 tests

test result: ok. 0 passed; 0 failed; 0 ignored; 0 measured; 0 filtered out; finished in 0.00s


running 0 tests

test result: ok. 0 passed; 0 failed; 0 ignored; 0 measured; 0 filtered out; finished in 0.00s


running 0 tests

test result: ok. 0 passed; 0 failed; 0 ignored; 0 measured; 0 filtered out; finished in 0.00s


running 0 tests

test result: ok. 0 passed; 0 failed; 0 ignored; 0 measured; 0 filtered out; finished in 0.00s


running 0 tests

test result: ok. 0 passed; 0 failed; 0 ignored; 0 measured; 0 filtered out; finished in 0.00s


running 0 tests

test result: ok. 0 passed; 0 failed; 0 ignored; 0 measured; 0 filtered out; finished in 0.00s


running 0 tests

test result: ok. 0 passed; 0 failed; 0 ignored; 0 measured; 0 filtered out; finished in 0.00s


running 0 tests

test result: ok. 0 passed; 0 failed; 0 ignored; 0 measured; 0 filtered out; finished in 0.00s


running 0 tests

test result: ok. 0 passed; 0 failed; 0 ignored; 0 measured; 0 filtered out; finished in 0.00s


running 0 tests

test result: ok. 0 passed; 0 failed; 0 ignored; 0 measured; 0 filtered out; finished in 0.00s


running 0 tests

test result: ok. 0 passed; 0 failed; 0 ignored; 0 measured; 0 filtered out; finished in 0.00s


running 0 tests

test result: ok. 0 passed; 0 failed; 0 ignored; 0 measured; 0 filtered out; finished in 0.00s


running 0 tests

test result: ok. 0 passed; 0 failed; 0 ignored; 0 measured; 0 filtered out; finished in 0.00s

== python intelligence plane ==
[1;32mAll checks passed![0m
16 files already formatted
Success: no issues found in 13 source files
...............                                                          [100%]
15 passed in 0.01s
== typescript workspace ==
Scope: all 4 workspace projects
Already up to date
Done in 166ms using pnpm v11.8.0
Scope: 3 of 4 workspace projects
apps/desktop build$ tsc -p tsconfig.build.json
apps/web build$ tsc -p tsconfig.build.json
sdk/typescript build$ tsc -p tsconfig.build.json
sdk/typescript build: Done
apps/desktop build: Done
apps/web build: Done
Scope: 3 of 4 workspace projects
apps/desktop typecheck$ tsc -p tsconfig.json
apps/web typecheck$ tsc -p tsconfig.json
sdk/typescript typecheck$ tsc -p tsconfig.json
sdk/typescript typecheck: Done
apps/web typecheck: Done
apps/desktop typecheck: Done
Scope: 3 of 4 workspace projects
apps/desktop test$ vitest run
apps/web test$ vitest run
sdk/typescript test$ vitest run
apps/web test:  RUN  v2.1.9 /Users/mohsin/projects/quansiov3/apps/web
sdk/typescript test:  RUN  v2.1.9 /Users/mohsin/projects/quansiov3/sdk/typescript
apps/desktop test:  RUN  v2.1.9 /Users/mohsin/projects/quansiov3/apps/desktop
apps/desktop test:  ✓ tests/surfaces.test.ts (3 tests) 3ms
apps/desktop test:  Test Files  1 passed (1)
apps/desktop test:       Tests  3 passed (3)
apps/desktop test:    Start at  03:24:59
apps/desktop test:    Duration  574ms (transform 61ms, setup 0ms, collect 43ms, tests 3ms, environment 0ms, prepare 243ms)
sdk/typescript test:  ✓ tests/client.test.ts (2 tests) 3ms
sdk/typescript test:  Test Files  1 passed (1)
sdk/typescript test:       Tests  2 passed (2)
sdk/typescript test:    Start at  03:24:59
sdk/typescript test:    Duration  590ms (transform 46ms, setup 0ms, collect 36ms, tests 3ms, environment 0ms, prepare 70ms)
apps/desktop test: Done
apps/web test:  ✓ tests/surfaces.test.ts (3 tests) 2ms
sdk/typescript test: Done
apps/web test:  Test Files  1 passed (1)
apps/web test:       Tests  3 passed (3)
apps/web test:    Start at  03:24:59
apps/web test:    Duration  623ms (transform 45ms, setup 0ms, collect 41ms, tests 2ms, environment 0ms, prepare 112ms)
apps/web test: Done
== native bridges (macos, optional) ==
Test Suite 'All tests' started at 2026-09-12 03:25:02.597.
Test Suite 'QuansioMacBridgePackageTests.xctest' started at 2026-09-12 03:25:02.598.
Test Suite 'MacBridgeTests' started at 2026-09-12 03:25:02.598.
Test Case '-[QuansioMacBridgeTests.MacBridgeTests testAppleSiliconIsSupported]' started.
Test Case '-[QuansioMacBridgeTests.MacBridgeTests testAppleSiliconIsSupported]' passed (0.001 seconds).
Test Case '-[QuansioMacBridgeTests.MacBridgeTests testIntelIsBestEffort]' started.
Test Case '-[QuansioMacBridgeTests.MacBridgeTests testIntelIsBestEffort]' passed (0.000 seconds).
Test Case '-[QuansioMacBridgeTests.MacBridgeTests testRequireSupportPassesOnArm64]' started.
Test Case '-[QuansioMacBridgeTests.MacBridgeTests testRequireSupportPassesOnArm64]' passed (0.000 seconds).
Test Case '-[QuansioMacBridgeTests.MacBridgeTests testUnknownArchitectureFailsClosed]' started.
Test Case '-[QuansioMacBridgeTests.MacBridgeTests testUnknownArchitectureFailsClosed]' passed (0.000 seconds).
Test Suite 'MacBridgeTests' passed at 2026-09-12 03:25:02.600.
	 Executed 4 tests, with 0 failures (0 unexpected) in 0.001 (0.002) seconds
Test Suite 'QuansioMacBridgePackageTests.xctest' passed at 2026-09-12 03:25:02.600.
	 Executed 4 tests, with 0 failures (0 unexpected) in 0.001 (0.002) seconds
Test Suite 'All tests' passed at 2026-09-12 03:25:02.600.
	 Executed 4 tests, with 0 failures (0 unexpected) in 0.001 (0.003) seconds
◇ Test run started.
↳ Testing Library Version: 1902
↳ Target Platform: arm64e-apple-macos14.0
✔ Test run with 0 tests in 0 suites passed after 0.001 seconds.
bootstrap: OK

--- stderr ---
    Finished `dev` profile [unoptimized + debuginfo] target(s) in 0.03s
    Finished `test` profile [unoptimized + debuginfo] target(s) in 0.04s
     Running unittests src/lib.rs (target/debug/deps/quansio_capability-f3e9a3d5a42c00e0)
     Running unittests src/lib.rs (target/debug/deps/quansio_cli-c2b6ed63af2ff711)
     Running unittests src/lib.rs (target/debug/deps/quansio_contracts-d2e35c8fae170484)
     Running unittests src/lib.rs (target/debug/deps/quansio_core-1f666a33fa149530)
     Running unittests src/lib.rs (target/debug/deps/quansio_events-4eeea4ec6073b2f1)
     Running unittests src/lib.rs (target/debug/deps/quansio_graph-2f09d994368ffa72)
     Running unittests src/lib.rs (target/debug/deps/quansio_indexer-b3857ad1691f1b1c)
     Running unittests src/lib.rs (target/debug/deps/quansio_machine-5e9967b6689860bf)
     Running unittests src/lib.rs (target/debug/deps/quansio_native_windows-e1490b7c610a548d)
     Running unittests src/lib.rs (target/debug/deps/quansio_qworkerd-f1864637845a6c41)
     Running unittests src/lib.rs (target/debug/deps/quansio_server-0e7e45a126b6927d)
     Running unittests src/lib.rs (target/debug/deps/quansio_tools-fab3adb1fc9aba55)
   Doc-tests quansio_capability
   Doc-tests quansio_cli
   Doc-tests quansio_contracts
   Doc-tests quansio_core
   Doc-tests quansio_events
   Doc-tests quansio_graph
   Doc-tests quansio_indexer
   Doc-tests quansio_machine
   Doc-tests quansio_native_windows
   Doc-tests quansio_qworkerd
   Doc-tests quansio_server
   Doc-tests quansio_tools
$ pnpm -r --if-present build
$ pnpm -r --if-present typecheck
$ pnpm -r --if-present test
$ eslint .
[0/1] Planning build
Building for debugging...
[0/2] Write swift-version--58304C5D6DBC2206.txt
Build complete! (0.11s)
