$ python3.12 scripts/ci/ci_summary.py --json
exit_code: 0

--- stdout ---
{
  "commit": "fe8f03416bf694bcb21cff546ccef9e4389aa530",
  "recorded_at": "2026-09-12T01:33:30Z",
  "results": [
    {
      "gate": "authority",
      "command": "python3.12 scripts/validate_v81.py",
      "status": "PASS",
      "exit_code": 0,
      "duration_s": 0.031,
      "tail": "V8.1 VALIDATION: PASS (99 tasks, 10 milestones, 12 PASS, 5 ready)"
    },
    {
      "gate": "dossier-consistency",
      "command": "python3.12 scripts/ci/dossier_consistency.py",
      "status": "PASS",
      "exit_code": 0,
      "duration_s": 0.701,
      "tail": "dossier consistency: CLEAN (0 findings)"
    },
    {
      "gate": "architecture",
      "command": "python3.12 scripts/ci/arch_check.py",
      "status": "PASS",
      "exit_code": 0,
      "duration_s": 0.14,
      "tail": "architecture check: CLEAN (0 findings)"
    },
    {
      "gate": "authority-pointers",
      "command": "python3.12 scripts/ci/check_authority.py --check",
      "status": "PASS",
      "exit_code": 0,
      "duration_s": 0.027,
      "tail": "authority check: CLEAN (0 findings)"
    },
    {
      "gate": "workspace",
      "command": "python3.12 scripts/ci/workspace_check.py",
      "status": "PASS",
      "exit_code": 0,
      "duration_s": 0.037,
      "tail": "workspace check: CLEAN (0 findings)"
    },
    {
      "gate": "supply-chain",
      "command": "python3.12 scripts/ci/supply_chain/check.py",
      "status": "PASS",
      "exit_code": 0,
      "duration_s": 1.168,
      "tail": "cargo-deny-unavailable: cargo-deny binary is not installed; licences/bans/sources/advisories are checked offline by this gate instead (install cargo-deny for the external check)\nsupply-chain: CLEAN (1 informational)"
    },
    {
      "gate": "legacy-map",
      "command": "python3.12 scripts/ci/legacy_map_check.py",
      "status": "PASS",
      "exit_code": 0,
      "duration_s": 0.155,
      "tail": "legacy map check: CLEAN (0 findings)"
    },
    {
      "gate": "contract-drift",
      "command": "uv run --project python python scripts/ci/gen_contracts.py --check",
      "status": "PASS",
      "exit_code": 0,
      "duration_s": 1.955,
      "tail": "contract regeneration check: CLEAN (catalog,openapi,rust,python,ts)"
    },
    {
      "gate": "contract-lint-compat",
      "command": "uv run --project python python scripts/ci/contract_compat.py",
      "status": "PASS",
      "exit_code": 0,
      "duration_s": 0.133,
      "tail": "contract check: CLEAN (lint + compatibility)"
    },
    {
      "gate": "toolchains",
      "command": "bash scripts/dev/bootstrap.sh",
      "status": "PASS",
      "exit_code": 0,
      "duration_s": 13.771,
      "tail": "     Running unittests src/lib.rs (target/debug/deps/quansio_server-8a315a917320fe9f)\n     Running tests/command_idempotency.rs (target/debug/deps/command_idempotency-46a6cd62f244df2b)\n     Running tests/protocol_state.rs (target/debug/deps/protocol_state-30b4fbfdde42f080)\n     Running tests/schema_bootstrap.rs (target/debug/deps/schema_bootstrap-3877fc9f7691af16)\n     Running unittests src/lib.rs (target/debug/deps/quansio_tools-fab3adb1fc9aba55)\n   Doc-tests quansio_capability\n   Doc-tests quansio_cli\n   Doc-tests quansio_contracts\n   Doc-tests quansio_core\n   Doc-tests quansio_events\n   Doc-tests quansio_graph\n   Doc-tests quansio_indexer\n   Doc-tests quansio_machine\n   Doc-tests quansio_native_windows\n   Doc-tests quansio_qworkerd\n   Doc-tests quansio_server\n   Doc-tests quansio_tools\n$ pnpm -r --if-present build\n$ pnpm -r --if-present typecheck\n$ pnpm -r --if-present test\n$ eslint .\n[0/1] Planning build\nBuilding for debugging...\n[0/2] Write swift-version--58304C5D6DBC2206.txt\nBuild complete! (0.13s)"
    },
    {
      "gate": "tests",
      "command": "uv run --project python pytest tests -q",
      "status": "PASS",
      "exit_code": 0,
      "duration_s": 27.903,
      "tail": "........................................................................ [ 39%]\n........................................................................ [ 79%]\n.....................................                                    [100%]\n181 passed in 27.71s"
    }
  ],
  "artifacts": {
    "registries/progress.json": "3647355750f5dbe46c658f167f4391ac65af2e06214a6b295521bedab3c3770c",
    "TASKS.md": "e5f0d293dc9af2a836638a447db509121a50db6da1852faa65d5d5d005ef3915",
    "MANIFEST.json": "fd35d0f73a12b6abd5ae57600656950d3d594dfcbb26c6db85bd23f04d5053fd"
  },
  "status": "PASS",
  "database_backed_tests": true,
  "summary_path": "/Users/mohsin/projects/quansiov3/artifacts/ci/summary-fe8f03416bf6.json"
}

--- stderr ---
