$ cargo clippy --workspace --all-targets -- -D warnings
exit_code: 0

--- stdout ---

--- stderr ---
    Checking stable_deref_trait v1.2.1
   Compiling syn v3.0.5
   Compiling jobserver v0.1.35
   Compiling crossbeam-utils v0.8.23
   Compiling getrandom v0.4.3
    Checking byteorder v1.5.0
    Checking bitflags v2.13.2
   Compiling pkg-config v0.3.34
   Compiling crunchy v0.2.4
    Checking deranged v0.5.8
   Compiling zstd-safe v7.3.0
   Compiling strsim v0.11.1
    Checking time-core v0.1.9
    Checking powerfmt v0.2.0
    Checking regex-syntax v0.8.11
   Compiling ident_case v1.0.1
   Compiling crossbeam-epoch v0.9.21
    Checking yoke v0.8.3
    Checking num-conv v0.2.2
    Checking ownedbytes v0.9.0
   Compiling typeid v1.0.3
   Compiling crossbeam-deque v0.8.8
   Compiling rustix v1.1.4
   Compiling cc v1.4.5
   Compiling prettyplease v0.3.0
    Checking errno v0.3.14
   Compiling rayon-core v1.13.0
   Compiling crossbeam-queue v0.3.14
   Compiling erased-serde v0.4.10
    Checking utf8-ranges v1.0.5
   Compiling typetag v0.2.23
   Compiling crc32fast v1.5.1
    Checking murmurhash32 v0.3.1
    Checking minimal-lexical v0.2.1
    Checking time v0.3.55
    Checking foldhash v0.2.0
    Checking hashbrown v0.16.1
    Checking nom v7.1.3
    Checking tantivy-fst v0.5.0
    Checking regex-automata v0.4.18
    Checking uuid v1.26.1
    Checking ordered-float v5.5.0
    Checking downcast-rs v2.0.2
    Checking fastdivide v0.4.2
    Checking fastrand v2.5.0
    Checking inventory v0.3.24
    Checking lru v0.16.4
    Checking crossbeam-channel v0.5.17
    Checking arc-swap v1.9.2
    Checking measure_time v0.9.0
   Compiling ring v0.17.14
   Compiling zstd-sys v2.1.0+zstd.1.5.7
    Checking memmap2 v0.9.11
    Checking aho-corasick v1.1.5
    Checking lz4_flex v0.13.1
    Checking regex v1.13.1
    Checking datasketches v0.2.0
    Checking bitpacking v0.9.3
    Checking htmlescape v0.3.1
    Checking oneshot v0.1.13
    Checking levenshtein_automata v0.2.1
    Checking census v0.4.2
   Compiling darling_core v0.24.1
    Checking tantivy-bitpacker v0.10.0
    Checking rustc-hash v2.1.3
   Compiling serde_derive v1.0.229
   Compiling zerovec-derive v0.11.6
   Compiling displaydoc v0.2.7
   Compiling tokio-macros v2.7.2
   Compiling futures-macro v0.3.34
   Compiling thiserror-impl v2.0.20
   Compiling async-trait v0.1.92
   Compiling typetag-impl v0.2.23
    Checking tokio v1.53.1
   Compiling zerotrie v0.2.5
    Checking futures-util v0.3.34
    Checking zerovec v0.11.8
    Checking thiserror v2.0.20
    Checking fs4 v0.13.1
    Checking tempfile v3.27.0
   Compiling darling_macro v0.24.1
   Compiling darling v0.24.1
    Checking serde v1.0.229
   Compiling rustls v0.23.44
    Checking rustls-webpki v0.103.15
    Checking axum-core v0.4.5
    Checking tinystr v0.8.4
    Checking potential_utf v0.1.6
   Compiling icu_collections v2.3.0
   Compiling icu_locale_core v2.3.0
    Checking icu_provider v2.3.1
    Checking icu_properties v2.3.0
   Compiling bon-macros v3.10.1
    Checking tokio-stream v0.1.19
    Checking tokio-util v0.7.19
    Checking tower v0.5.3
    Checking h2 v0.4.19
    Checking tower v0.4.13
    Checking smallvec v1.16.1
    Checking either v1.18.0
    Checking chrono v0.4.45
    Checking quansio-core v0.1.0 (/Users/mohsin/projects/quansiov3/crates/core)
    Checking serde_urlencoded v0.7.1
    Checking tantivy-common v0.11.0
    Checking tantivy-tokenizer-api v0.7.0
    Checking rust-stemmers v1.2.0
    Checking sketches-ddsketch v0.4.1
    Checking tantivy-query-grammar v0.26.0
    Checking icu_normalizer v2.3.0
    Checking parking_lot_core v0.9.12
    Checking itertools v0.14.0
    Checking rayon v1.12.0
    Checking parking_lot v0.12.5
    Checking idna_adapter v1.2.2
    Checking futures-intrusive v0.5.0
    Checking idna v1.1.0
    Checking url v2.5.8
   Compiling prost-derive v0.13.5
    Checking hyper v1.11.1
    Checking tantivy-stacker v0.7.0
    Checking tokio-rustls v0.26.5
    Checking zstd v0.13.3
    Checking bon v3.10.1
    Checking sqlx-core v0.8.6
    Checking tower-http v0.6.11
    Checking tantivy-sstable v0.7.0
    Checking tantivy-columnar v0.7.0
    Checking prost v0.13.5
    Checking hyper-util v0.1.20
    Checking axum v0.7.9
    Checking tantivy v0.26.2
    Checking sqlx-postgres v0.8.6
    Checking hyper-rustls v0.27.9
    Checking hyper-timeout v0.5.2
    Checking reqwest v0.12.28
    Checking prost-types v0.13.5
    Checking tonic v0.12.3
    Checking quansio-contracts v0.1.0 (/Users/mohsin/projects/quansiov3/crates/contracts)
   Compiling sqlx-macros-core v0.8.6
   Compiling sqlx-macros v0.8.6
    Checking sqlx v0.8.6
    Checking quansio-events v0.1.0 (/Users/mohsin/projects/quansiov3/crates/events)
    Checking quansio-indexer v0.1.0 (/Users/mohsin/projects/quansiov3/crates/indexer)
    Checking quansio-server v0.1.0 (/Users/mohsin/projects/quansiov3/crates/server)
    Checking quansio-graph v0.1.0 (/Users/mohsin/projects/quansiov3/crates/graph)
    Finished `dev` profile [unoptimized + debuginfo] target(s) in 19.90s
