$ QUANSIO_TEST_POSTGRES_URL=postgres://quansio:quansio-dev-only@127.0.0.1:55440/quansio cargo test -p quansio-events
exit_code: 0

--- stdout ---

running 0 tests

test result: ok. 0 passed; 0 failed; 0 ignored; 0 measured; 0 filtered out; finished in 0.00s


running 4 tests
test malformed_types_are_rejected ... ok
test unknown_family_is_rejected_with_a_typed_error ... ok
test canonical_families_match_the_generated_catalog ... ok
test known_types_parse_and_subjects_follow_domain_naming ... ok

test result: ok. 4 passed; 0 failed; 0 ignored; 0 measured; 0 filtered out; finished in 0.00s


running 2 tests
test unavailable_transport_fails_closed_instead_of_dropping ... ok
test crash_between_send_and_mark_cannot_duplicate_and_loses_no_event ... ok

test result: ok. 2 passed; 0 failed; 0 ignored; 0 measured; 0 filtered out; finished in 0.40s


running 6 tests
test a_rolled_back_commit_releases_its_sequence_instead_of_burning_it ... ok
test committing_without_an_event_is_refused ... ok
test consumer_resumes_exactly_after_the_stored_sequence ... ok
test concurrent_writers_get_distinct_gap_free_sequences ... ok
test committed_mutation_writes_state_event_and_outbox_together ... ok
test failing_mutation_rolls_back_state_event_and_outbox ... ok

test result: ok. 6 passed; 0 failed; 0 ignored; 0 measured; 0 filtered out; finished in 0.59s


running 0 tests

test result: ok. 0 passed; 0 failed; 0 ignored; 0 measured; 0 filtered out; finished in 0.00s


--- stderr ---
    Finished `test` profile [unoptimized + debuginfo] target(s) in 0.26s
     Running unittests src/lib.rs (target/debug/deps/quansio_events-637035d6f6c0692f)
     Running tests/event_families.rs (target/debug/deps/event_families-2b07dccd0373d19f)
     Running tests/outbox_publisher.rs (target/debug/deps/outbox_publisher-a8185a0f129b8e15)
     Running tests/runtime_event_store.rs (target/debug/deps/runtime_event_store-c6ae415c251b56ef)
   Doc-tests quansio_events
